// Jest Snapshot v1, https://goo.gl/fbAQLP

exports[`Badge should render the component 1`] = `
<div>
  <div
    class="relative inline-flex items-center p-3 text-sm font-medium text-center text-gray-500 hover:text-gray-700"
  >
    <div>
      test
    </div>
    <span
      class="sr-only"
    >
      Notifications
    </span>
    <div
      class="absolute inline-flex items-center justify-center w-6 h-6 text-xs font-bold text-white bg-sky border-2 border-white rounded-full top-0 right-0 dark:border-gray-900"
    >
      10
    </div>
  </div>
</div>
`;
