// Jest Snapshot v1, https://goo.gl/fbAQLP

exports[`MenuHolder renders correctly 1`] = `
<div>
  <div
    class="menu-holder"
  >
    <ul
      class="main-links"
    >
      <li>
        <details
          class="dropdown"
        >
          <summary
            class="m-1 btn px-2 -py-1 bg-transparent text-gray-800 text-xs border-2 hover:border-gray-300 border-none space-x-1 hover:!bg-gray-100"
          >
            <svg
              aria-hidden="true"
              class="text-gray-600"
              fill="none"
              height="23"
              stroke="currentColor"
              stroke-width="2"
              viewBox="0 0 24 24"
              width="23"
              xmlns="http://www.w3.org/2000/svg"
            >
              <path
                d="M3 5h12M9 3v2m1.048 9.5A18.022 18.022 0 016.412 9m6.088 9h7M11 21l5-10 5 10M12.751 5C11.783 10.77 8.07 15.61 3 18.129"
                stroke-linecap="round"
                stroke-linejoin="round"
              />
            </svg>
             
            <svg
              aria-hidden="true"
              class="text-gray-400"
              fill="currentColor"
              height="20"
              stroke="currentColor"
              stroke-width="0"
              viewBox="0 0 20 20"
              width="20"
              xmlns="http://www.w3.org/2000/svg"
            >
              <path
                clip-rule="evenodd"
                d="M5.293 7.293a1 1 0 011.414 0L10 10.586l3.293-3.293a1 1 0 111.414 1.414l-4 4a1 1 0 01-1.414 0l-4-4a1 1 0 010-1.414z"
                fill-rule="evenodd"
              />
            </svg>
          </summary>
          <ul
            class="shadow-sm menu dropdown-content z-[1] w-max rounded-xl"
          >
            <li>
              <button>
                Français
              </button>
            </li>
            <li>
              <button>
                Anglais  
              </button>
            </li>
          </ul>
        </details>
      </li>
      <li>
        <div
          class="MuiBox-root css-1at62qq"
        >
          <a
            class="normal-link"
            href="test"
          >
            vous n'avez pas de compte ?
          </a>
        </div>
      </li>
      <li>
        <div
          class="MuiBox-root css-0"
        >
          <a
            href="test"
          >
            <button
              class="MuiButtonBase-root MuiButton-root MuiButton-contained MuiButton-containedPrimary MuiButton-sizeMedium MuiButton-containedSizeMedium MuiButton-colorPrimary MuiButton-root MuiButton-contained MuiButton-containedPrimary MuiButton-sizeMedium MuiButton-containedSizeMedium MuiButton-colorPrimary bg-yellow css-sghohy-MuiButtonBase-root-MuiButton-root"
              tabindex="0"
              type="button"
            >
              Example
              <span
                class="MuiTouchRipple-root css-8je8zh-MuiTouchRipple-root"
              />
            </button>
          </a>
        </div>
      </li>
    </ul>
  </div>
</div>
`;
