// Jest Snapshot v1, https://goo.gl/fbAQLP

exports[`CardHeader renders correctly 1`] = `
Object {
  "asFragment": [Function],
  "baseElement": <body>
    <div>
      <div
        class="border w-full rounded-lg py-8 px-6 flex flex-col flex-wrap md:flex-row justify-between gap-4 bg-white cursor-pointer"
      >
        <div
          class="flex flex-col"
        >
          <h1
            class="md:text-2xl text-gray-700 font-bold flex-wrap flex items-center gap-2 text-lg"
          >
            Sample title
          </h1>
        </div>
        <div
          class="flex flex-row flex-wrap  gap-2 center justify-end space-x-2"
        >
          <button
            class="text-white bg-blue-700 border border-transparent hover:bg-blue-800 focus:ring-4 focus:ring-blue-300 disabled:hover:bg-blue-700 dark:bg-blue-600 dark:hover:bg-blue-700 dark:focus:ring-blue-800 dark:disabled:hover:bg-blue-600 focus:!ring-2 group flex h-min items-center justify-center p-0.5 text-center font-medium focus:z-10 rounded-lg bg-primary"
            type="button"
          >
            <span
              class="flex items-center rounded-md text-sm px-4 py-2"
            >
              <svg
                class="mr-2 h-5 w-5"
                fill="currentColor"
                height="1em"
                stroke="currentColor"
                stroke-width="0"
                viewBox="0 0 24 24"
                width="1em"
                xmlns="http://www.w3.org/2000/svg"
              >
                <g
                  dataName="Save Down 2"
                  id="Save_Down_2"
                >
                  <g>
                    <path
                      d="M18.437,20.948H5.563a2.372,2.372,0,0,1-2.5-2.21v-11a2.372,2.372,0,0,1,2.5-2.211h.462a.5.5,0,0,1,0,1H5.563a1.38,1.38,0,0,0-1.5,1.211v11a1.38,1.38,0,0,0,1.5,1.21H18.437a1.38,1.38,0,0,0,1.5-1.21v-11a1.38,1.38,0,0,0-1.5-1.211h-.462a.5.5,0,0,1,0-1h.462a2.372,2.372,0,0,1,2.5,2.211v11A2.372,2.372,0,0,1,18.437,20.948Z"
                    />
                    <path
                      d="M15.355,10.592l-3,3a.5.5,0,0,1-.35.15.508.508,0,0,1-.36-.15l-3-3a.5.5,0,0,1,.71-.71l2.14,2.139V3.552a.508.508,0,0,1,.5-.5.5.5,0,0,1,.5.5v8.49l2.15-2.16a.5.5,0,0,1,.71.71Z"
                    />
                  </g>
                </g>
              </svg>
              Download Report
            </span>
          </button>
        </div>
      </div>
    </div>
  </body>,
  "container": <div>
    <div
      class="border w-full rounded-lg py-8 px-6 flex flex-col flex-wrap md:flex-row justify-between gap-4 bg-white cursor-pointer"
    >
      <div
        class="flex flex-col"
      >
        <h1
          class="md:text-2xl text-gray-700 font-bold flex-wrap flex items-center gap-2 text-lg"
        >
          Sample title
        </h1>
      </div>
      <div
        class="flex flex-row flex-wrap  gap-2 center justify-end space-x-2"
      >
        <button
          class="text-white bg-blue-700 border border-transparent hover:bg-blue-800 focus:ring-4 focus:ring-blue-300 disabled:hover:bg-blue-700 dark:bg-blue-600 dark:hover:bg-blue-700 dark:focus:ring-blue-800 dark:disabled:hover:bg-blue-600 focus:!ring-2 group flex h-min items-center justify-center p-0.5 text-center font-medium focus:z-10 rounded-lg bg-primary"
          type="button"
        >
          <span
            class="flex items-center rounded-md text-sm px-4 py-2"
          >
            <svg
              class="mr-2 h-5 w-5"
              fill="currentColor"
              height="1em"
              stroke="currentColor"
              stroke-width="0"
              viewBox="0 0 24 24"
              width="1em"
              xmlns="http://www.w3.org/2000/svg"
            >
              <g
                dataName="Save Down 2"
                id="Save_Down_2"
              >
                <g>
                  <path
                    d="M18.437,20.948H5.563a2.372,2.372,0,0,1-2.5-2.21v-11a2.372,2.372,0,0,1,2.5-2.211h.462a.5.5,0,0,1,0,1H5.563a1.38,1.38,0,0,0-1.5,1.211v11a1.38,1.38,0,0,0,1.5,1.21H18.437a1.38,1.38,0,0,0,1.5-1.21v-11a1.38,1.38,0,0,0-1.5-1.211h-.462a.5.5,0,0,1,0-1h.462a2.372,2.372,0,0,1,2.5,2.211v11A2.372,2.372,0,0,1,18.437,20.948Z"
                  />
                  <path
                    d="M15.355,10.592l-3,3a.5.5,0,0,1-.35.15.508.508,0,0,1-.36-.15l-3-3a.5.5,0,0,1,.71-.71l2.14,2.139V3.552a.508.508,0,0,1,.5-.5.5.5,0,0,1,.5.5v8.49l2.15-2.16a.5.5,0,0,1,.71.71Z"
                  />
                </g>
              </g>
            </svg>
            Download Report
          </span>
        </button>
      </div>
    </div>
  </div>,
  "debug": [Function],
  "findAllByAltText": [Function],
  "findAllByDisplayValue": [Function],
  "findAllByLabelText": [Function],
  "findAllByPlaceholderText": [Function],
  "findAllByRole": [Function],
  "findAllByTestId": [Function],
  "findAllByText": [Function],
  "findAllByTitle": [Function],
  "findByAltText": [Function],
  "findByDisplayValue": [Function],
  "findByLabelText": [Function],
  "findByPlaceholderText": [Function],
  "findByRole": [Function],
  "findByTestId": [Function],
  "findByText": [Function],
  "findByTitle": [Function],
  "getAllByAltText": [Function],
  "getAllByDisplayValue": [Function],
  "getAllByLabelText": [Function],
  "getAllByPlaceholderText": [Function],
  "getAllByRole": [Function],
  "getAllByTestId": [Function],
  "getAllByText": [Function],
  "getAllByTitle": [Function],
  "getByAltText": [Function],
  "getByDisplayValue": [Function],
  "getByLabelText": [Function],
  "getByPlaceholderText": [Function],
  "getByRole": [Function],
  "getByTestId": [Function],
  "getByText": [Function],
  "getByTitle": [Function],
  "queryAllByAltText": [Function],
  "queryAllByDisplayValue": [Function],
  "queryAllByLabelText": [Function],
  "queryAllByPlaceholderText": [Function],
  "queryAllByRole": [Function],
  "queryAllByTestId": [Function],
  "queryAllByText": [Function],
  "queryAllByTitle": [Function],
  "queryByAltText": [Function],
  "queryByDisplayValue": [Function],
  "queryByLabelText": [Function],
  "queryByPlaceholderText": [Function],
  "queryByRole": [Function],
  "queryByTestId": [Function],
  "queryByText": [Function],
  "queryByTitle": [Function],
  "rerender": [Function],
  "unmount": [Function],
}
`;
