// Jest Snapshot v1, https://goo.gl/fbAQLP

exports[`SimpleHeader should render the component 1`] = `
<div>
  <div
    class="flex flex-col md:flex-row gap-6 md:gap-0 md:items-center justify-between"
  >
    <div
      class="space-y-2"
    >
      <h2
        class="font-bold text-xl text-gray-700"
      />
      <span
        class="text-xs text-gray-500"
      />
    </div>
  </div>
</div>
`;
