// Jest Snapshot v1, https://goo.gl/fbAQLP

exports[`Earn renders correctly 1`] = `
Object {
  "asFragment": [Function],
  "baseElement": <body>
    <div>
      <button
        class="flex bg-sky px-4 py-4 justify-center text-white items-center rounded-xl hover:shadow-md gap-2 w-auto md:w-52"
      >
        <svg
          fill="currentColor"
          height="25"
          stroke="currentColor"
          stroke-width="0"
          viewBox="0 0 24 24"
          width="25"
          xmlns="http://www.w3.org/2000/svg"
        >
          <g
            id="Dollar"
          >
            <g>
              <path
                d="M12,21.934A9.934,9.934,0,1,1,21.934,12,9.945,9.945,0,0,1,12,21.934ZM12,3.066A8.934,8.934,0,1,0,20.934,12,8.944,8.944,0,0,0,12,3.066Z"
              />
              <path
                d="M14.5,13.5a2.006,2.006,0,0,1-2,2v1.01a.5.5,0,0,1-1,0V15.5H10.25a.5.5,0,0,1,0-1H12.5a1,1,0,0,0,0-2h-1a2,2,0,0,1,0-4V7.49a.5.5,0,0,1,1,0V8.5h1.25a.5.5,0,0,1,0,1H11.5a1,1,0,0,0,0,2h1A2.006,2.006,0,0,1,14.5,13.5Z"
              />
            </g>
          </g>
        </svg>
        <span
          class="text-xs font-light"
        >
          Earn Budges for 10$
        </span>
      </button>
    </div>
  </body>,
  "container": <div>
    <button
      class="flex bg-sky px-4 py-4 justify-center text-white items-center rounded-xl hover:shadow-md gap-2 w-auto md:w-52"
    >
      <svg
        fill="currentColor"
        height="25"
        stroke="currentColor"
        stroke-width="0"
        viewBox="0 0 24 24"
        width="25"
        xmlns="http://www.w3.org/2000/svg"
      >
        <g
          id="Dollar"
        >
          <g>
            <path
              d="M12,21.934A9.934,9.934,0,1,1,21.934,12,9.945,9.945,0,0,1,12,21.934ZM12,3.066A8.934,8.934,0,1,0,20.934,12,8.944,8.944,0,0,0,12,3.066Z"
            />
            <path
              d="M14.5,13.5a2.006,2.006,0,0,1-2,2v1.01a.5.5,0,0,1-1,0V15.5H10.25a.5.5,0,0,1,0-1H12.5a1,1,0,0,0,0-2h-1a2,2,0,0,1,0-4V7.49a.5.5,0,0,1,1,0V8.5h1.25a.5.5,0,0,1,0,1H11.5a1,1,0,0,0,0,2h1A2.006,2.006,0,0,1,14.5,13.5Z"
            />
          </g>
        </g>
      </svg>
      <span
        class="text-xs font-light"
      >
        Earn Budges for 10$
      </span>
    </button>
  </div>,
  "debug": [Function],
  "findAllByAltText": [Function],
  "findAllByDisplayValue": [Function],
  "findAllByLabelText": [Function],
  "findAllByPlaceholderText": [Function],
  "findAllByRole": [Function],
  "findAllByTestId": [Function],
  "findAllByText": [Function],
  "findAllByTitle": [Function],
  "findByAltText": [Function],
  "findByDisplayValue": [Function],
  "findByLabelText": [Function],
  "findByPlaceholderText": [Function],
  "findByRole": [Function],
  "findByTestId": [Function],
  "findByText": [Function],
  "findByTitle": [Function],
  "getAllByAltText": [Function],
  "getAllByDisplayValue": [Function],
  "getAllByLabelText": [Function],
  "getAllByPlaceholderText": [Function],
  "getAllByRole": [Function],
  "getAllByTestId": [Function],
  "getAllByText": [Function],
  "getAllByTitle": [Function],
  "getByAltText": [Function],
  "getByDisplayValue": [Function],
  "getByLabelText": [Function],
  "getByPlaceholderText": [Function],
  "getByRole": [Function],
  "getByTestId": [Function],
  "getByText": [Function],
  "getByTitle": [Function],
  "queryAllByAltText": [Function],
  "queryAllByDisplayValue": [Function],
  "queryAllByLabelText": [Function],
  "queryAllByPlaceholderText": [Function],
  "queryAllByRole": [Function],
  "queryAllByTestId": [Function],
  "queryAllByText": [Function],
  "queryAllByTitle": [Function],
  "queryByAltText": [Function],
  "queryByDisplayValue": [Function],
  "queryByLabelText": [Function],
  "queryByPlaceholderText": [Function],
  "queryByRole": [Function],
  "queryByTestId": [Function],
  "queryByText": [Function],
  "queryByTitle": [Function],
  "rerender": [Function],
  "unmount": [Function],
}
`;
